<?xml version="1.0"?>
<link_info>
   <banner>TMS320C2000 Linker Unix v16.9.3.LTS</banner>
   <copyright>Copyright (c) 1996-2017 Texas Instruments Incorporated</copyright>
   <link_time>0x59fb07ce</link_time>
   <link_errors>0x0</link_errors>
   <output_file>Example_2806xSci_FFDLB_int.out</output_file>
   <entry_point>
      <name>code_start</name>
      <address>0x0</address>
   </entry_point>
   <input_file_list>
      <input_file id="fl-4">
         <path>./</path>
         <kind>object</kind>
         <file>Example_2806xSci_FFDLB_int.obj</file>
         <name>Example_2806xSci_FFDLB_int.obj</name>
      </input_file>
      <input_file id="fl-5">
         <path>./</path>
         <kind>object</kind>
         <file>F2806x_CodeStartBranch.obj</file>
         <name>F2806x_CodeStartBranch.obj</name>
      </input_file>
      <input_file id="fl-6">
         <path>./</path>
         <kind>object</kind>
         <file>F2806x_DefaultIsr.obj</file>
         <name>F2806x_DefaultIsr.obj</name>
      </input_file>
      <input_file id="fl-7">
         <path>./</path>
         <kind>object</kind>
         <file>F2806x_GlobalVariableDefs.obj</file>
         <name>F2806x_GlobalVariableDefs.obj</name>
      </input_file>
      <input_file id="fl-8">
         <path>./</path>
         <kind>object</kind>
         <file>F2806x_PieCtrl.obj</file>
         <name>F2806x_PieCtrl.obj</name>
      </input_file>
      <input_file id="fl-9">
         <path>./</path>
         <kind>object</kind>
         <file>F2806x_PieVect.obj</file>
         <name>F2806x_PieVect.obj</name>
      </input_file>
      <input_file id="fl-a">
         <path>./</path>
         <kind>object</kind>
         <file>F2806x_Sci.obj</file>
         <name>F2806x_Sci.obj</name>
      </input_file>
      <input_file id="fl-b">
         <path>./</path>
         <kind>object</kind>
         <file>F2806x_SysCtrl.obj</file>
         <name>F2806x_SysCtrl.obj</name>
      </input_file>
      <input_file id="fl-c">
         <path>./</path>
         <kind>object</kind>
         <file>F2806x_usDelay.obj</file>
         <name>F2806x_usDelay.obj</name>
      </input_file>
      <input_file id="fl-11">
         <kind>object</kind>
         <file>&lt;internal&gt;</file>
         <name>&lt;internal&gt;</name>
      </input_file>
      <input_file id="fl-12">
         <path>/home/eunwho/ti/ccsv7/tools/compiler/ti-cgt-c2000_16.9.3.LTS/lib/</path>
         <kind>archive</kind>
         <file>rts2800_fpu32.lib</file>
         <name>boot28.obj</name>
      </input_file>
      <input_file id="fl-13">
         <path>/home/eunwho/ti/ccsv7/tools/compiler/ti-cgt-c2000_16.9.3.LTS/lib/</path>
         <kind>archive</kind>
         <file>rts2800_fpu32.lib</file>
         <name>args_main.obj</name>
      </input_file>
      <input_file id="fl-14">
         <path>/home/eunwho/ti/ccsv7/tools/compiler/ti-cgt-c2000_16.9.3.LTS/lib/</path>
         <kind>archive</kind>
         <file>rts2800_fpu32.lib</file>
         <name>startup.obj</name>
      </input_file>
      <input_file id="fl-15">
         <path>/home/eunwho/ti/ccsv7/tools/compiler/ti-cgt-c2000_16.9.3.LTS/lib/</path>
         <kind>archive</kind>
         <file>rts2800_fpu32.lib</file>
         <name>pre_init.obj</name>
      </input_file>
      <input_file id="fl-16">
         <path>/home/eunwho/ti/ccsv7/tools/compiler/ti-cgt-c2000_16.9.3.LTS/lib/</path>
         <kind>archive</kind>
         <file>rts2800_fpu32.lib</file>
         <name>cpy_tbl.obj</name>
      </input_file>
      <input_file id="fl-17">
         <path>/home/eunwho/ti/ccsv7/tools/compiler/ti-cgt-c2000_16.9.3.LTS/lib/</path>
         <kind>archive</kind>
         <file>rts2800_fpu32.lib</file>
         <name>exit.obj</name>
      </input_file>
      <input_file id="fl-18">
         <path>/home/eunwho/ti/ccsv7/tools/compiler/ti-cgt-c2000_16.9.3.LTS/lib/</path>
         <kind>archive</kind>
         <file>rts2800_fpu32.lib</file>
         <name>_lock.obj</name>
      </input_file>
      <input_file id="fl-19">
         <path>/home/eunwho/ti/ccsv7/tools/compiler/ti-cgt-c2000_16.9.3.LTS/lib/</path>
         <kind>archive</kind>
         <file>rts2800_fpu32.lib</file>
         <name>memcpy.obj</name>
      </input_file>
   </input_file_list>
   <object_component_list>
      <object_component id="oc-50">
         <name>codestart</name>
         <load_address>0x0</load_address>
         <run_address>0x0</run_address>
         <size>0x2</size>
         <input_file_ref idref="fl-5"/>
      </object_component>
      <object_component id="oc-b2">
         <name>ramfuncs</name>
         <load_address>0x6a</load_address>
         <run_address>0x6a</run_address>
         <size>0x4</size>
         <input_file_ref idref="fl-c"/>
      </object_component>
      <object_component id="oc-5e">
         <name>.text:retain</name>
         <load_address>0x8000</load_address>
         <run_address>0x8000</run_address>
         <size>0x39b</size>
         <input_file_ref idref="fl-6"/>
      </object_component>
      <object_component id="oc-ec">
         <name>.text</name>
         <load_address>0x839b</load_address>
         <run_address>0x839b</run_address>
         <size>0x18c</size>
         <input_file_ref idref="fl-b"/>
      </object_component>
      <object_component id="oc-e9">
         <name>.text</name>
         <load_address>0x8527</load_address>
         <run_address>0x8527</run_address>
         <size>0x56</size>
         <input_file_ref idref="fl-4"/>
      </object_component>
      <object_component id="oc-b7">
         <name>.text</name>
         <load_address>0x857d</load_address>
         <run_address>0x857d</run_address>
         <size>0x56</size>
         <input_file_ref idref="fl-12"/>
      </object_component>
      <object_component id="oc-53">
         <name>.text:retain</name>
         <load_address>0x85d3</load_address>
         <run_address>0x85d3</run_address>
         <size>0x49</size>
         <input_file_ref idref="fl-4"/>
      </object_component>
      <object_component id="oc-ed">
         <name>.text</name>
         <load_address>0x861c</load_address>
         <run_address>0x861c</run_address>
         <size>0x30</size>
         <input_file_ref idref="fl-a"/>
      </object_component>
      <object_component id="oc-e7">
         <name>.text</name>
         <load_address>0x864c</load_address>
         <run_address>0x864c</run_address>
         <size>0x29</size>
         <input_file_ref idref="fl-17"/>
      </object_component>
      <object_component id="oc-ee">
         <name>.text</name>
         <load_address>0x8675</load_address>
         <run_address>0x8675</run_address>
         <size>0x28</size>
         <input_file_ref idref="fl-8"/>
      </object_component>
      <object_component id="oc-ef">
         <name>.text</name>
         <load_address>0x869d</load_address>
         <run_address>0x869d</run_address>
         <size>0x26</size>
         <input_file_ref idref="fl-9"/>
      </object_component>
      <object_component id="oc-e4">
         <name>.text</name>
         <load_address>0x86c3</load_address>
         <run_address>0x86c3</run_address>
         <size>0x24</size>
         <input_file_ref idref="fl-16"/>
      </object_component>
      <object_component id="oc-e8">
         <name>.text</name>
         <load_address>0x86e7</load_address>
         <run_address>0x86e7</run_address>
         <size>0x1e</size>
         <input_file_ref idref="fl-19"/>
      </object_component>
      <object_component id="oc-e6">
         <name>.text</name>
         <load_address>0x8705</load_address>
         <run_address>0x8705</run_address>
         <size>0x19</size>
         <input_file_ref idref="fl-13"/>
      </object_component>
      <object_component id="oc-f0">
         <name>.text</name>
         <load_address>0x871e</load_address>
         <run_address>0x871e</run_address>
         <size>0x9</size>
         <input_file_ref idref="fl-18"/>
      </object_component>
      <object_component id="oc-58">
         <name>.text</name>
         <load_address>0x8727</load_address>
         <run_address>0x8727</run_address>
         <size>0x8</size>
         <input_file_ref idref="fl-5"/>
      </object_component>
      <object_component id="oc-e3">
         <name>.text</name>
         <load_address>0x872f</load_address>
         <run_address>0x872f</run_address>
         <size>0x2</size>
         <input_file_ref idref="fl-15"/>
      </object_component>
      <object_component id="oc-e5">
         <name>.text</name>
         <load_address>0x8731</load_address>
         <run_address>0x8731</run_address>
         <size>0x1</size>
         <input_file_ref idref="fl-14"/>
      </object_component>
      <object_component id="oc-d3">
         <name>.cinit</name>
         <load_address>0x50</load_address>
         <run_address>0x50</run_address>
         <size>0xe</size>
         <input_file_ref idref="fl-17"/>
      </object_component>
      <object_component id="oc-eb">
         <name>.cinit:__lock</name>
         <load_address>0x5e</load_address>
         <run_address>0x5e</run_address>
         <size>0x5</size>
         <input_file_ref idref="fl-18"/>
      </object_component>
      <object_component id="oc-f1">
         <name>.cinit:__unlock</name>
         <load_address>0x63</load_address>
         <run_address>0x63</run_address>
         <size>0x5</size>
         <input_file_ref idref="fl-18"/>
      </object_component>
      <object_component id="oc-b9">
         <name>.reset</name>
         <load_address>0x3fffc0</load_address>
         <run_address>0x3fffc0</run_address>
         <size>0x2</size>
         <input_file_ref idref="fl-12"/>
      </object_component>
      <object_component id="oc-b8">
         <name>.stack</name>
         <uninitialized>true</uninitialized>
         <run_address>0x400</run_address>
         <size>0x0</size>
         <input_file_ref idref="fl-12"/>
      </object_component>
      <object_component id="oc-14b">
         <name>.stack</name>
         <uninitialized>true</uninitialized>
         <run_address>0x400</run_address>
         <size>0x0</size>
      </object_component>
      <object_component id="oc-52">
         <name>.ebss</name>
         <uninitialized>true</uninitialized>
         <run_address>0xa100</run_address>
         <size>0x16</size>
         <input_file_ref idref="fl-4"/>
      </object_component>
      <object_component id="oc-d4">
         <name>.ebss</name>
         <uninitialized>true</uninitialized>
         <run_address>0xa116</run_address>
         <size>0x6</size>
         <input_file_ref idref="fl-17"/>
      </object_component>
      <object_component id="oc-f3">
         <name>.ebss:__unlock</name>
         <uninitialized>true</uninitialized>
         <run_address>0xa11e</run_address>
         <size>0x2</size>
         <input_file_ref idref="fl-18"/>
      </object_component>
      <object_component id="oc-ea">
         <name>.ebss:__lock</name>
         <uninitialized>true</uninitialized>
         <run_address>0xa11c</run_address>
         <size>0x2</size>
         <input_file_ref idref="fl-18"/>
      </object_component>
      <object_component id="oc-f2">
         <name>.econst:_PieVectTableInit</name>
         <load_address>0xa000</load_address>
         <run_address>0xa000</run_address>
         <size>0x100</size>
         <input_file_ref idref="fl-9"/>
      </object_component>
      <object_component id="oc-9a">
         <name>PieVectTableFile</name>
         <uninitialized>true</uninitialized>
         <run_address>0xd00</run_address>
         <size>0x100</size>
         <input_file_ref idref="fl-7"/>
      </object_component>
      <object_component id="oc-65">
         <name>EmuKeyVar</name>
         <uninitialized>true</uninitialized>
         <run_address>0xd00</run_address>
         <size>0x1</size>
         <input_file_ref idref="fl-7"/>
      </object_component>
      <object_component id="oc-66">
         <name>EmuBModeVar</name>
         <uninitialized>true</uninitialized>
         <run_address>0xd01</run_address>
         <size>0x1</size>
         <input_file_ref idref="fl-7"/>
      </object_component>
      <object_component id="oc-67">
         <name>FlashCallbackVar</name>
         <uninitialized>true</uninitialized>
         <run_address>0xd02</run_address>
         <size>0x2</size>
         <input_file_ref idref="fl-7"/>
      </object_component>
      <object_component id="oc-68">
         <name>FlashScalingVar</name>
         <uninitialized>true</uninitialized>
         <run_address>0xd04</run_address>
         <size>0x2</size>
         <input_file_ref idref="fl-7"/>
      </object_component>
      <object_component id="oc-6a">
         <name>DevEmuRegsFile</name>
         <uninitialized>true</uninitialized>
         <run_address>0x880</run_address>
         <size>0x4</size>
         <input_file_ref idref="fl-7"/>
      </object_component>
      <object_component id="oc-69">
         <name>SysPwrCtrlRegsFile</name>
         <uninitialized>true</uninitialized>
         <run_address>0x985</run_address>
         <size>0x3</size>
         <input_file_ref idref="fl-7"/>
      </object_component>
      <object_component id="oc-6b">
         <name>FlashRegsFile</name>
         <uninitialized>true</uninitialized>
         <run_address>0xa80</run_address>
         <size>0x8</size>
         <input_file_ref idref="fl-7"/>
      </object_component>
      <object_component id="oc-75">
         <name>CsmRegsFile</name>
         <uninitialized>true</uninitialized>
         <run_address>0xae0</run_address>
         <size>0x10</size>
         <input_file_ref idref="fl-7"/>
      </object_component>
      <object_component id="oc-72">
         <name>AdcResultFile</name>
         <uninitialized>true</uninitialized>
         <run_address>0xb00</run_address>
         <size>0x10</size>
         <input_file_ref idref="fl-7"/>
      </object_component>
      <object_component id="oc-6c">
         <name>CpuTimer0RegsFile</name>
         <uninitialized>true</uninitialized>
         <run_address>0xc00</run_address>
         <size>0x8</size>
         <input_file_ref idref="fl-7"/>
      </object_component>
      <object_component id="oc-6f">
         <name>CpuTimer1RegsFile</name>
         <uninitialized>true</uninitialized>
         <run_address>0xc08</run_address>
         <size>0x8</size>
         <input_file_ref idref="fl-7"/>
      </object_component>
      <object_component id="oc-6d">
         <name>CpuTimer2RegsFile</name>
         <uninitialized>true</uninitialized>
         <run_address>0xc10</run_address>
         <size>0x8</size>
         <input_file_ref idref="fl-7"/>
      </object_component>
      <object_component id="oc-7b">
         <name>PieCtrlRegsFile</name>
         <uninitialized>true</uninitialized>
         <run_address>0xce0</run_address>
         <size>0x1a</size>
         <input_file_ref idref="fl-7"/>
      </object_component>
      <object_component id="oc-90">
         <name>Cla1RegsFile</name>
         <uninitialized>true</uninitialized>
         <run_address>0x1400</run_address>
         <size>0x40</size>
         <input_file_ref idref="fl-7"/>
      </object_component>
      <object_component id="oc-99">
         <name>DmaRegsFile</name>
         <uninitialized>true</uninitialized>
         <run_address>0x1000</run_address>
         <size>0xe0</size>
         <input_file_ref idref="fl-7"/>
      </object_component>
      <object_component id="oc-8a">
         <name>ECanaRegsFile</name>
         <uninitialized>true</uninitialized>
         <run_address>0x6000</run_address>
         <size>0x34</size>
         <input_file_ref idref="fl-7"/>
      </object_component>
      <object_component id="oc-8e">
         <name>ECanaLAMRegsFile</name>
         <uninitialized>true</uninitialized>
         <run_address>0x6040</run_address>
         <size>0x40</size>
         <input_file_ref idref="fl-7"/>
      </object_component>
      <object_component id="oc-9b">
         <name>ECanaMboxesFile</name>
         <uninitialized>true</uninitialized>
         <run_address>0x6100</run_address>
         <size>0x100</size>
         <input_file_ref idref="fl-7"/>
      </object_component>
      <object_component id="oc-8f">
         <name>ECanaMOTSRegsFile</name>
         <uninitialized>true</uninitialized>
         <run_address>0x6080</run_address>
         <size>0x40</size>
         <input_file_ref idref="fl-7"/>
      </object_component>
      <object_component id="oc-8b">
         <name>ECanaMOTORegsFile</name>
         <uninitialized>true</uninitialized>
         <run_address>0x60c0</run_address>
         <size>0x40</size>
         <input_file_ref idref="fl-7"/>
      </object_component>
      <object_component id="oc-83">
         <name>ECap1RegsFile</name>
         <uninitialized>true</uninitialized>
         <run_address>0x6a00</run_address>
         <size>0x20</size>
         <input_file_ref idref="fl-7"/>
      </object_component>
      <object_component id="oc-82">
         <name>ECap2RegsFile</name>
         <uninitialized>true</uninitialized>
         <run_address>0x6a20</run_address>
         <size>0x20</size>
         <input_file_ref idref="fl-7"/>
      </object_component>
      <object_component id="oc-84">
         <name>ECap3RegsFile</name>
         <uninitialized>true</uninitialized>
         <run_address>0x6a40</run_address>
         <size>0x20</size>
         <input_file_ref idref="fl-7"/>
      </object_component>
      <object_component id="oc-87">
         <name>EQep1RegsFile</name>
         <uninitialized>true</uninitialized>
         <run_address>0x6b00</run_address>
         <size>0x22</size>
         <input_file_ref idref="fl-7"/>
      </object_component>
      <object_component id="oc-85">
         <name>EQep2RegsFile</name>
         <uninitialized>true</uninitialized>
         <run_address>0x6b40</run_address>
         <size>0x22</size>
         <input_file_ref idref="fl-7"/>
      </object_component>
      <object_component id="oc-93">
         <name>GpioCtrlRegsFile</name>
         <uninitialized>true</uninitialized>
         <run_address>0x6f80</run_address>
         <size>0x40</size>
         <input_file_ref idref="fl-7"/>
      </object_component>
      <object_component id="oc-7d">
         <name>GpioDataRegsFile</name>
         <uninitialized>true</uninitialized>
         <run_address>0x6fc0</run_address>
         <size>0x20</size>
         <input_file_ref idref="fl-7"/>
      </object_component>
      <object_component id="oc-7c">
         <name>GpioIntRegsFile</name>
         <uninitialized>true</uninitialized>
         <run_address>0x6fe0</run_address>
         <size>0x20</size>
         <input_file_ref idref="fl-7"/>
      </object_component>
      <object_component id="oc-80">
         <name>HRCap1RegsFile</name>
         <uninitialized>true</uninitialized>
         <run_address>0x6ac0</run_address>
         <size>0x20</size>
         <input_file_ref idref="fl-7"/>
      </object_component>
      <object_component id="oc-81">
         <name>HRCap2RegsFile</name>
         <uninitialized>true</uninitialized>
         <run_address>0x6ae0</run_address>
         <size>0x20</size>
         <input_file_ref idref="fl-7"/>
      </object_component>
      <object_component id="oc-7e">
         <name>HRCap3RegsFile</name>
         <uninitialized>true</uninitialized>
         <run_address>0x6c80</run_address>
         <size>0x20</size>
         <input_file_ref idref="fl-7"/>
      </object_component>
      <object_component id="oc-7f">
         <name>HRCap4RegsFile</name>
         <uninitialized>true</uninitialized>
         <run_address>0x6ca0</run_address>
         <size>0x20</size>
         <input_file_ref idref="fl-7"/>
      </object_component>
      <object_component id="oc-89">
         <name>SysCtrlRegsFile</name>
         <uninitialized>true</uninitialized>
         <run_address>0x7010</run_address>
         <size>0x30</size>
         <input_file_ref idref="fl-7"/>
      </object_component>
      <object_component id="oc-71">
         <name>SpiaRegsFile</name>
         <uninitialized>true</uninitialized>
         <run_address>0x7040</run_address>
         <size>0x10</size>
         <input_file_ref idref="fl-7"/>
      </object_component>
      <object_component id="oc-76">
         <name>SpibRegsFile</name>
         <uninitialized>true</uninitialized>
         <run_address>0x7740</run_address>
         <size>0x10</size>
         <input_file_ref idref="fl-7"/>
      </object_component>
      <object_component id="oc-73">
         <name>SciaRegsFile</name>
         <uninitialized>true</uninitialized>
         <run_address>0x7050</run_address>
         <size>0x10</size>
         <input_file_ref idref="fl-7"/>
      </object_component>
      <object_component id="oc-70">
         <name>ScibRegsFile</name>
         <uninitialized>true</uninitialized>
         <run_address>0x7750</run_address>
         <size>0x10</size>
         <input_file_ref idref="fl-7"/>
      </object_component>
      <object_component id="oc-74">
         <name>NmiIntruptRegsFile</name>
         <uninitialized>true</uninitialized>
         <run_address>0x7060</run_address>
         <size>0x10</size>
         <input_file_ref idref="fl-7"/>
      </object_component>
      <object_component id="oc-77">
         <name>XIntruptRegsFile</name>
         <uninitialized>true</uninitialized>
         <run_address>0x7070</run_address>
         <size>0x10</size>
         <input_file_ref idref="fl-7"/>
      </object_component>
      <object_component id="oc-98">
         <name>AdcRegsFile</name>
         <uninitialized>true</uninitialized>
         <run_address>0x7100</run_address>
         <size>0x50</size>
         <input_file_ref idref="fl-7"/>
      </object_component>
      <object_component id="oc-86">
         <name>I2caRegsFile</name>
         <uninitialized>true</uninitialized>
         <run_address>0x7900</run_address>
         <size>0x22</size>
         <input_file_ref idref="fl-7"/>
      </object_component>
      <object_component id="oc-79">
         <name>Comp1RegsFile</name>
         <uninitialized>true</uninitialized>
         <run_address>0x6400</run_address>
         <size>0x14</size>
         <input_file_ref idref="fl-7"/>
      </object_component>
      <object_component id="oc-78">
         <name>Comp2RegsFile</name>
         <uninitialized>true</uninitialized>
         <run_address>0x6420</run_address>
         <size>0x14</size>
         <input_file_ref idref="fl-7"/>
      </object_component>
      <object_component id="oc-7a">
         <name>Comp3RegsFile</name>
         <uninitialized>true</uninitialized>
         <run_address>0x6440</run_address>
         <size>0x14</size>
         <input_file_ref idref="fl-7"/>
      </object_component>
      <object_component id="oc-8d">
         <name>EPwm1RegsFile</name>
         <uninitialized>true</uninitialized>
         <run_address>0x6800</run_address>
         <size>0x40</size>
         <input_file_ref idref="fl-7"/>
      </object_component>
      <object_component id="oc-8c">
         <name>EPwm2RegsFile</name>
         <uninitialized>true</uninitialized>
         <run_address>0x6840</run_address>
         <size>0x40</size>
         <input_file_ref idref="fl-7"/>
      </object_component>
      <object_component id="oc-97">
         <name>EPwm3RegsFile</name>
         <uninitialized>true</uninitialized>
         <run_address>0x6880</run_address>
         <size>0x40</size>
         <input_file_ref idref="fl-7"/>
      </object_component>
      <object_component id="oc-95">
         <name>EPwm4RegsFile</name>
         <uninitialized>true</uninitialized>
         <run_address>0x68c0</run_address>
         <size>0x40</size>
         <input_file_ref idref="fl-7"/>
      </object_component>
      <object_component id="oc-96">
         <name>EPwm5RegsFile</name>
         <uninitialized>true</uninitialized>
         <run_address>0x6900</run_address>
         <size>0x40</size>
         <input_file_ref idref="fl-7"/>
      </object_component>
      <object_component id="oc-92">
         <name>EPwm6RegsFile</name>
         <uninitialized>true</uninitialized>
         <run_address>0x6940</run_address>
         <size>0x40</size>
         <input_file_ref idref="fl-7"/>
      </object_component>
      <object_component id="oc-91">
         <name>EPwm7RegsFile</name>
         <uninitialized>true</uninitialized>
         <run_address>0x6980</run_address>
         <size>0x40</size>
         <input_file_ref idref="fl-7"/>
      </object_component>
      <object_component id="oc-94">
         <name>EPwm8RegsFile</name>
         <uninitialized>true</uninitialized>
         <run_address>0x69c0</run_address>
         <size>0x40</size>
         <input_file_ref idref="fl-7"/>
      </object_component>
      <object_component id="oc-88">
         <name>McbspaRegsFile</name>
         <uninitialized>true</uninitialized>
         <run_address>0x5000</run_address>
         <size>0x24</size>
         <input_file_ref idref="fl-7"/>
      </object_component>
      <object_component id="oc-9c">
         <name>Usb0RegsFile</name>
         <uninitialized>true</uninitialized>
         <run_address>0x4000</run_address>
         <size>0x454</size>
         <input_file_ref idref="fl-7"/>
      </object_component>
      <object_component id="oc-6e">
         <name>CsmPwlFile</name>
         <uninitialized>true</uninitialized>
         <run_address>0x3f7ff8</run_address>
         <size>0x8</size>
         <input_file_ref idref="fl-7"/>
      </object_component>
      <object_component id="oc-64">
         <name>PartIdRegsFile</name>
         <uninitialized>true</uninitialized>
         <run_address>0x3d7e80</run_address>
         <size>0x1</size>
         <input_file_ref idref="fl-7"/>
      </object_component>
      <object_component id="oc-51">
         <name>.debug_info</name>
         <load_address>0x0</load_address>
         <run_address>0x0</run_address>
         <size>0x27c3</size>
         <input_file_ref idref="fl-4"/>
      </object_component>
      <object_component id="oc-59">
         <name>.debug_info</name>
         <load_address>0x27c3</load_address>
         <run_address>0x27c3</run_address>
         <size>0x1a7</size>
         <input_file_ref idref="fl-5"/>
      </object_component>
      <object_component id="oc-5d">
         <name>.debug_info</name>
         <load_address>0x296a</load_address>
         <run_address>0x296a</run_address>
         <size>0x3f4f</size>
         <input_file_ref idref="fl-6"/>
      </object_component>
      <object_component id="oc-63">
         <name>.debug_info</name>
         <load_address>0x68b9</load_address>
         <run_address>0x68b9</run_address>
         <size>0x1b068</size>
         <input_file_ref idref="fl-7"/>
      </object_component>
      <object_component id="oc-9e">
         <name>.debug_info</name>
         <load_address>0x21921</load_address>
         <run_address>0x21921</run_address>
         <size>0xc1a</size>
         <input_file_ref idref="fl-8"/>
      </object_component>
      <object_component id="oc-a3">
         <name>.debug_info</name>
         <load_address>0x2253b</load_address>
         <run_address>0x2253b</run_address>
         <size>0x250f</size>
         <input_file_ref idref="fl-9"/>
      </object_component>
      <object_component id="oc-a8">
         <name>.debug_info</name>
         <load_address>0x24a4a</load_address>
         <run_address>0x24a4a</run_address>
         <size>0x1b79</size>
         <input_file_ref idref="fl-a"/>
      </object_component>
      <object_component id="oc-ad">
         <name>.debug_info</name>
         <load_address>0x265c3</load_address>
         <run_address>0x265c3</run_address>
         <size>0x2c3f</size>
         <input_file_ref idref="fl-b"/>
      </object_component>
      <object_component id="oc-b3">
         <name>.debug_info</name>
         <load_address>0x29202</load_address>
         <run_address>0x29202</run_address>
         <size>0x14c</size>
         <input_file_ref idref="fl-c"/>
      </object_component>
      <object_component id="oc-ba">
         <name>.debug_info</name>
         <load_address>0x2934e</load_address>
         <run_address>0x2934e</run_address>
         <size>0x16b</size>
         <input_file_ref idref="fl-12"/>
      </object_component>
      <object_component id="oc-be">
         <name>.debug_info</name>
         <load_address>0x294b9</load_address>
         <run_address>0x294b9</run_address>
         <size>0x4ce</size>
         <input_file_ref idref="fl-13"/>
      </object_component>
      <object_component id="oc-c3">
         <name>.debug_info</name>
         <load_address>0x29987</load_address>
         <run_address>0x29987</run_address>
         <size>0x3df</size>
         <input_file_ref idref="fl-14"/>
      </object_component>
      <object_component id="oc-c8">
         <name>.debug_info</name>
         <load_address>0x29d66</load_address>
         <run_address>0x29d66</run_address>
         <size>0x3e2</size>
         <input_file_ref idref="fl-15"/>
      </object_component>
      <object_component id="oc-cd">
         <name>.debug_info</name>
         <load_address>0x2a148</load_address>
         <run_address>0x2a148</run_address>
         <size>0x5c1</size>
         <input_file_ref idref="fl-16"/>
      </object_component>
      <object_component id="oc-d2">
         <name>.debug_info</name>
         <load_address>0x2a709</load_address>
         <run_address>0x2a709</run_address>
         <size>0x5ab</size>
         <input_file_ref idref="fl-17"/>
      </object_component>
      <object_component id="oc-d9">
         <name>.debug_info</name>
         <load_address>0x2acb4</load_address>
         <run_address>0x2acb4</run_address>
         <size>0x501</size>
         <input_file_ref idref="fl-18"/>
      </object_component>
      <object_component id="oc-de">
         <name>.debug_info</name>
         <load_address>0x2b1b5</load_address>
         <run_address>0x2b1b5</run_address>
         <size>0x46f</size>
         <input_file_ref idref="fl-19"/>
      </object_component>
      <object_component id="oc-14c">
         <name>.debug_info</name>
         <load_address>0x2b624</load_address>
         <run_address>0x2b624</run_address>
         <size>0xbc</size>
      </object_component>
      <object_component id="oc-54">
         <name>.debug_frame</name>
         <load_address>0x0</load_address>
         <run_address>0x0</run_address>
         <size>0xe1</size>
         <input_file_ref idref="fl-4"/>
      </object_component>
      <object_component id="oc-5f">
         <name>.debug_frame</name>
         <load_address>0xe1</load_address>
         <run_address>0xe1</run_address>
         <size>0xd80</size>
         <input_file_ref idref="fl-6"/>
      </object_component>
      <object_component id="oc-9f">
         <name>.debug_frame</name>
         <load_address>0xe61</load_address>
         <run_address>0xe61</run_address>
         <size>0x58</size>
         <input_file_ref idref="fl-8"/>
      </object_component>
      <object_component id="oc-a4">
         <name>.debug_frame</name>
         <load_address>0xeb9</load_address>
         <run_address>0xeb9</run_address>
         <size>0x49</size>
         <input_file_ref idref="fl-9"/>
      </object_component>
      <object_component id="oc-a9">
         <name>.debug_frame</name>
         <load_address>0xf02</load_address>
         <run_address>0xf02</run_address>
         <size>0x82</size>
         <input_file_ref idref="fl-a"/>
      </object_component>
      <object_component id="oc-ae">
         <name>.debug_frame</name>
         <load_address>0xf84</load_address>
         <run_address>0xf84</run_address>
         <size>0x129</size>
         <input_file_ref idref="fl-b"/>
      </object_component>
      <object_component id="oc-bf">
         <name>.debug_frame</name>
         <load_address>0x10ad</load_address>
         <run_address>0x10ad</run_address>
         <size>0x43</size>
         <input_file_ref idref="fl-13"/>
      </object_component>
      <object_component id="oc-c4">
         <name>.debug_frame</name>
         <load_address>0x10f0</load_address>
         <run_address>0x10f0</run_address>
         <size>0x43</size>
         <input_file_ref idref="fl-14"/>
      </object_component>
      <object_component id="oc-c9">
         <name>.debug_frame</name>
         <load_address>0x1133</load_address>
         <run_address>0x1133</run_address>
         <size>0x43</size>
         <input_file_ref idref="fl-15"/>
      </object_component>
      <object_component id="oc-ce">
         <name>.debug_frame</name>
         <load_address>0x1176</load_address>
         <run_address>0x1176</run_address>
         <size>0x64</size>
         <input_file_ref idref="fl-16"/>
      </object_component>
      <object_component id="oc-d5">
         <name>.debug_frame</name>
         <load_address>0x11da</load_address>
         <run_address>0x11da</run_address>
         <size>0x61</size>
         <input_file_ref idref="fl-17"/>
      </object_component>
      <object_component id="oc-da">
         <name>.debug_frame</name>
         <load_address>0x123b</load_address>
         <run_address>0x123b</run_address>
         <size>0x6d</size>
         <input_file_ref idref="fl-18"/>
      </object_component>
      <object_component id="oc-df">
         <name>.debug_frame</name>
         <load_address>0x12a8</load_address>
         <run_address>0x12a8</run_address>
         <size>0x43</size>
         <input_file_ref idref="fl-19"/>
      </object_component>
      <object_component id="oc-55">
         <name>.debug_line</name>
         <load_address>0x0</load_address>
         <run_address>0x0</run_address>
         <size>0xfd</size>
         <input_file_ref idref="fl-4"/>
      </object_component>
      <object_component id="oc-5a">
         <name>.debug_line</name>
         <load_address>0xfd</load_address>
         <run_address>0xfd</run_address>
         <size>0x8b</size>
         <input_file_ref idref="fl-5"/>
      </object_component>
      <object_component id="oc-60">
         <name>.debug_line</name>
         <load_address>0x188</load_address>
         <run_address>0x188</run_address>
         <size>0x89e</size>
         <input_file_ref idref="fl-6"/>
      </object_component>
      <object_component id="oc-a0">
         <name>.debug_line</name>
         <load_address>0xa26</load_address>
         <run_address>0xa26</run_address>
         <size>0xac</size>
         <input_file_ref idref="fl-8"/>
      </object_component>
      <object_component id="oc-a5">
         <name>.debug_line</name>
         <load_address>0xad2</load_address>
         <run_address>0xad2</run_address>
         <size>0x8e</size>
         <input_file_ref idref="fl-9"/>
      </object_component>
      <object_component id="oc-aa">
         <name>.debug_line</name>
         <load_address>0xb60</load_address>
         <run_address>0xb60</run_address>
         <size>0xc1</size>
         <input_file_ref idref="fl-a"/>
      </object_component>
      <object_component id="oc-af">
         <name>.debug_line</name>
         <load_address>0xc21</load_address>
         <run_address>0xc21</run_address>
         <size>0x219</size>
         <input_file_ref idref="fl-b"/>
      </object_component>
      <object_component id="oc-b4">
         <name>.debug_line</name>
         <load_address>0xe3a</load_address>
         <run_address>0xe3a</run_address>
         <size>0x6f</size>
         <input_file_ref idref="fl-c"/>
      </object_component>
      <object_component id="oc-bb">
         <name>.debug_line</name>
         <load_address>0xea9</load_address>
         <run_address>0xea9</run_address>
         <size>0x7e</size>
         <input_file_ref idref="fl-12"/>
      </object_component>
      <object_component id="oc-c0">
         <name>.debug_line</name>
         <load_address>0xf27</load_address>
         <run_address>0xf27</run_address>
         <size>0x55</size>
         <input_file_ref idref="fl-13"/>
      </object_component>
      <object_component id="oc-c5">
         <name>.debug_line</name>
         <load_address>0xf7c</load_address>
         <run_address>0xf7c</run_address>
         <size>0x3a</size>
         <input_file_ref idref="fl-14"/>
      </object_component>
      <object_component id="oc-ca">
         <name>.debug_line</name>
         <load_address>0xfb6</load_address>
         <run_address>0xfb6</run_address>
         <size>0x3e</size>
         <input_file_ref idref="fl-15"/>
      </object_component>
      <object_component id="oc-cf">
         <name>.debug_line</name>
         <load_address>0xff4</load_address>
         <run_address>0xff4</run_address>
         <size>0x50</size>
         <input_file_ref idref="fl-16"/>
      </object_component>
      <object_component id="oc-d6">
         <name>.debug_line</name>
         <load_address>0x1044</load_address>
         <run_address>0x1044</run_address>
         <size>0x65</size>
         <input_file_ref idref="fl-17"/>
      </object_component>
      <object_component id="oc-db">
         <name>.debug_line</name>
         <load_address>0x10a9</load_address>
         <run_address>0x10a9</run_address>
         <size>0x5e</size>
         <input_file_ref idref="fl-18"/>
      </object_component>
      <object_component id="oc-e0">
         <name>.debug_line</name>
         <load_address>0x1107</load_address>
         <run_address>0x1107</run_address>
         <size>0x62</size>
         <input_file_ref idref="fl-19"/>
      </object_component>
      <object_component id="oc-56">
         <name>.debug_abbrev</name>
         <load_address>0x0</load_address>
         <run_address>0x0</run_address>
         <size>0x1a7</size>
         <input_file_ref idref="fl-4"/>
      </object_component>
      <object_component id="oc-5b">
         <name>.debug_abbrev</name>
         <load_address>0x1a7</load_address>
         <run_address>0x1a7</run_address>
         <size>0x21</size>
         <input_file_ref idref="fl-5"/>
      </object_component>
      <object_component id="oc-61">
         <name>.debug_abbrev</name>
         <load_address>0x1c8</load_address>
         <run_address>0x1c8</run_address>
         <size>0xde</size>
         <input_file_ref idref="fl-6"/>
      </object_component>
      <object_component id="oc-9d">
         <name>.debug_abbrev</name>
         <load_address>0x2a6</load_address>
         <run_address>0x2a6</run_address>
         <size>0xc4</size>
         <input_file_ref idref="fl-7"/>
      </object_component>
      <object_component id="oc-a1">
         <name>.debug_abbrev</name>
         <load_address>0x36a</load_address>
         <run_address>0x36a</run_address>
         <size>0xc8</size>
         <input_file_ref idref="fl-8"/>
      </object_component>
      <object_component id="oc-a6">
         <name>.debug_abbrev</name>
         <load_address>0x432</load_address>
         <run_address>0x432</run_address>
         <size>0x116</size>
         <input_file_ref idref="fl-9"/>
      </object_component>
      <object_component id="oc-ab">
         <name>.debug_abbrev</name>
         <load_address>0x548</load_address>
         <run_address>0x548</run_address>
         <size>0xea</size>
         <input_file_ref idref="fl-a"/>
      </object_component>
      <object_component id="oc-b0">
         <name>.debug_abbrev</name>
         <load_address>0x632</load_address>
         <run_address>0x632</run_address>
         <size>0x1a3</size>
         <input_file_ref idref="fl-b"/>
      </object_component>
      <object_component id="oc-b5">
         <name>.debug_abbrev</name>
         <load_address>0x7d5</load_address>
         <run_address>0x7d5</run_address>
         <size>0x2f</size>
         <input_file_ref idref="fl-c"/>
      </object_component>
      <object_component id="oc-bc">
         <name>.debug_abbrev</name>
         <load_address>0x804</load_address>
         <run_address>0x804</run_address>
         <size>0x46</size>
         <input_file_ref idref="fl-12"/>
      </object_component>
      <object_component id="oc-c1">
         <name>.debug_abbrev</name>
         <load_address>0x84a</load_address>
         <run_address>0x84a</run_address>
         <size>0xfe</size>
         <input_file_ref idref="fl-13"/>
      </object_component>
      <object_component id="oc-c6">
         <name>.debug_abbrev</name>
         <load_address>0x948</load_address>
         <run_address>0x948</run_address>
         <size>0x66</size>
         <input_file_ref idref="fl-14"/>
      </object_component>
      <object_component id="oc-cb">
         <name>.debug_abbrev</name>
         <load_address>0x9ae</load_address>
         <run_address>0x9ae</run_address>
         <size>0x68</size>
         <input_file_ref idref="fl-15"/>
      </object_component>
      <object_component id="oc-d0">
         <name>.debug_abbrev</name>
         <load_address>0xa16</load_address>
         <run_address>0xa16</run_address>
         <size>0xfc</size>
         <input_file_ref idref="fl-16"/>
      </object_component>
      <object_component id="oc-d7">
         <name>.debug_abbrev</name>
         <load_address>0xb12</load_address>
         <run_address>0xb12</run_address>
         <size>0x142</size>
         <input_file_ref idref="fl-17"/>
      </object_component>
      <object_component id="oc-dc">
         <name>.debug_abbrev</name>
         <load_address>0xc54</load_address>
         <run_address>0xc54</run_address>
         <size>0xb2</size>
         <input_file_ref idref="fl-18"/>
      </object_component>
      <object_component id="oc-e1">
         <name>.debug_abbrev</name>
         <load_address>0xd06</load_address>
         <run_address>0xd06</run_address>
         <size>0xa8</size>
         <input_file_ref idref="fl-19"/>
      </object_component>
      <object_component id="oc-14d">
         <name>.debug_abbrev</name>
         <load_address>0xdae</load_address>
         <run_address>0xdae</run_address>
         <size>0xf</size>
      </object_component>
      <object_component id="oc-57">
         <name>.debug_aranges</name>
         <load_address>0x0</load_address>
         <run_address>0x0</run_address>
         <size>0x40</size>
         <input_file_ref idref="fl-4"/>
      </object_component>
      <object_component id="oc-5c">
         <name>.debug_aranges</name>
         <load_address>0x40</load_address>
         <run_address>0x40</run_address>
         <size>0x28</size>
         <input_file_ref idref="fl-5"/>
      </object_component>
      <object_component id="oc-62">
         <name>.debug_aranges</name>
         <load_address>0x68</load_address>
         <run_address>0x68</run_address>
         <size>0x2f8</size>
         <input_file_ref idref="fl-6"/>
      </object_component>
      <object_component id="oc-a2">
         <name>.debug_aranges</name>
         <load_address>0x360</load_address>
         <run_address>0x360</run_address>
         <size>0x28</size>
         <input_file_ref idref="fl-8"/>
      </object_component>
      <object_component id="oc-a7">
         <name>.debug_aranges</name>
         <load_address>0x388</load_address>
         <run_address>0x388</run_address>
         <size>0x20</size>
         <input_file_ref idref="fl-9"/>
      </object_component>
      <object_component id="oc-ac">
         <name>.debug_aranges</name>
         <load_address>0x3a8</load_address>
         <run_address>0x3a8</run_address>
         <size>0x38</size>
         <input_file_ref idref="fl-a"/>
      </object_component>
      <object_component id="oc-b1">
         <name>.debug_aranges</name>
         <load_address>0x3e0</load_address>
         <run_address>0x3e0</run_address>
         <size>0x70</size>
         <input_file_ref idref="fl-b"/>
      </object_component>
      <object_component id="oc-b6">
         <name>.debug_aranges</name>
         <load_address>0x450</load_address>
         <run_address>0x450</run_address>
         <size>0x20</size>
         <input_file_ref idref="fl-c"/>
      </object_component>
      <object_component id="oc-bd">
         <name>.debug_aranges</name>
         <load_address>0x470</load_address>
         <run_address>0x470</run_address>
         <size>0x20</size>
         <input_file_ref idref="fl-12"/>
      </object_component>
      <object_component id="oc-c2">
         <name>.debug_aranges</name>
         <load_address>0x490</load_address>
         <run_address>0x490</run_address>
         <size>0x20</size>
         <input_file_ref idref="fl-13"/>
      </object_component>
      <object_component id="oc-c7">
         <name>.debug_aranges</name>
         <load_address>0x4b0</load_address>
         <run_address>0x4b0</run_address>
         <size>0x20</size>
         <input_file_ref idref="fl-14"/>
      </object_component>
      <object_component id="oc-cc">
         <name>.debug_aranges</name>
         <load_address>0x4d0</load_address>
         <run_address>0x4d0</run_address>
         <size>0x20</size>
         <input_file_ref idref="fl-15"/>
      </object_component>
      <object_component id="oc-d1">
         <name>.debug_aranges</name>
         <load_address>0x4f0</load_address>
         <run_address>0x4f0</run_address>
         <size>0x20</size>
         <input_file_ref idref="fl-16"/>
      </object_component>
      <object_component id="oc-d8">
         <name>.debug_aranges</name>
         <load_address>0x510</load_address>
         <run_address>0x510</run_address>
         <size>0x28</size>
         <input_file_ref idref="fl-17"/>
      </object_component>
      <object_component id="oc-dd">
         <name>.debug_aranges</name>
         <load_address>0x538</load_address>
         <run_address>0x538</run_address>
         <size>0x30</size>
         <input_file_ref idref="fl-18"/>
      </object_component>
      <object_component id="oc-e2">
         <name>.debug_aranges</name>
         <load_address>0x568</load_address>
         <run_address>0x568</run_address>
         <size>0x20</size>
         <input_file_ref idref="fl-19"/>
      </object_component>
   </object_component_list>
   <logical_group_list>
      <logical_group id="lg-2" display="no" color="cyan">
         <name>codestart</name>
         <load_address>0x0</load_address>
         <run_address>0x0</run_address>
         <size>0x2</size>
         <contents>
            <object_component_ref idref="oc-50"/>
         </contents>
      </logical_group>
      <logical_group id="lg-3" display="no" color="cyan">
         <name>ramfuncs</name>
         <load_address>0x6a</load_address>
         <run_address>0x6a</run_address>
         <size>0x4</size>
         <contents>
            <object_component_ref idref="oc-b2"/>
         </contents>
      </logical_group>
      <logical_group id="lg-4" display="no" color="cyan">
         <name>.text</name>
         <load_address>0x8000</load_address>
         <run_address>0x8000</run_address>
         <size>0x732</size>
         <contents>
            <object_component_ref idref="oc-5e"/>
            <object_component_ref idref="oc-ec"/>
            <object_component_ref idref="oc-e9"/>
            <object_component_ref idref="oc-b7"/>
            <object_component_ref idref="oc-53"/>
            <object_component_ref idref="oc-ed"/>
            <object_component_ref idref="oc-e7"/>
            <object_component_ref idref="oc-ee"/>
            <object_component_ref idref="oc-ef"/>
            <object_component_ref idref="oc-e4"/>
            <object_component_ref idref="oc-e8"/>
            <object_component_ref idref="oc-e6"/>
            <object_component_ref idref="oc-f0"/>
            <object_component_ref idref="oc-58"/>
            <object_component_ref idref="oc-e3"/>
            <object_component_ref idref="oc-e5"/>
         </contents>
      </logical_group>
      <logical_group id="lg-5" display="no" color="cyan">
         <name>.cinit</name>
         <load_address>0x50</load_address>
         <run_address>0x50</run_address>
         <size>0x1a</size>
         <contents>
            <object_component_ref idref="oc-d3"/>
            <object_component_ref idref="oc-eb"/>
            <object_component_ref idref="oc-f1"/>
         </contents>
      </logical_group>
      <logical_group id="lg-6" display="no" color="cyan">
         <name>.pinit</name>
         <run_address>0x0</run_address>
         <size>0x0</size>
         <contents>
         </contents>
      </logical_group>
      <logical_group id="lg-7" display="no" color="cyan">
         <name>.switch</name>
         <run_address>0x0</run_address>
         <size>0x0</size>
         <contents>
         </contents>
      </logical_group>
      <logical_group id="lg-8" display="no" color="cyan">
         <name>.reset</name>
         <load_address>0x3fffc0</load_address>
         <run_address>0x3fffc0</run_address>
         <size>0x2</size>
         <contents>
            <object_component_ref idref="oc-b9"/>
         </contents>
      </logical_group>
      <logical_group id="lg-9" display="no" color="cyan">
         <name>.stack</name>
         <run_address>0x400</run_address>
         <size>0x200</size>
         <contents>
            <object_component_ref idref="oc-b8"/>
            <object_component_ref idref="oc-14b"/>
         </contents>
      </logical_group>
      <logical_group id="lg-a" display="no" color="cyan">
         <name>.ebss</name>
         <run_address>0xa100</run_address>
         <size>0x20</size>
         <contents>
            <object_component_ref idref="oc-52"/>
            <object_component_ref idref="oc-d4"/>
            <object_component_ref idref="oc-f3"/>
            <object_component_ref idref="oc-ea"/>
         </contents>
      </logical_group>
      <logical_group id="lg-b" display="no" color="cyan">
         <name>.econst</name>
         <load_address>0xa000</load_address>
         <run_address>0xa000</run_address>
         <size>0x100</size>
         <contents>
            <object_component_ref idref="oc-f2"/>
         </contents>
      </logical_group>
      <logical_group id="lg-c" display="no" color="cyan">
         <name>.esysmem</name>
         <run_address>0x0</run_address>
         <size>0x0</size>
         <contents>
         </contents>
      </logical_group>
      <logical_group id="lg-d" display="no" color="cyan">
         <name>IQmath</name>
         <run_address>0x0</run_address>
         <size>0x0</size>
         <contents>
         </contents>
      </logical_group>
      <logical_group id="lg-e" display="no" color="cyan">
         <name>IQmathTables</name>
         <run_address>0x0</run_address>
         <size>0x0</size>
         <contents>
         </contents>
      </logical_group>
      <logical_group id="lg-f" display="no" color="cyan">
         <name>FPUmathTables</name>
         <run_address>0x0</run_address>
         <size>0x0</size>
         <contents>
         </contents>
      </logical_group>
      <logical_group id="lg-10" display="no" color="cyan">
         <name>DMARAML5</name>
         <run_address>0x0</run_address>
         <size>0x0</size>
         <contents>
         </contents>
      </logical_group>
      <logical_group id="lg-11" display="no" color="cyan">
         <name>DMARAML6</name>
         <run_address>0x0</run_address>
         <size>0x0</size>
         <contents>
         </contents>
      </logical_group>
      <logical_group id="lg-12" display="no" color="cyan">
         <name>DMARAML7</name>
         <run_address>0x0</run_address>
         <size>0x0</size>
         <contents>
         </contents>
      </logical_group>
      <logical_group id="lg-13" display="no" color="cyan">
         <name>DMARAML8</name>
         <run_address>0x0</run_address>
         <size>0x0</size>
         <contents>
         </contents>
      </logical_group>
      <logical_group id="lg-15" display="no" color="cyan">
         <name>PieVectTableFile</name>
         <run_address>0xd00</run_address>
         <size>0x100</size>
         <contents>
            <object_component_ref idref="oc-9a"/>
         </contents>
      </logical_group>
      <logical_group id="lg-17" display="no" color="cyan">
         <name>EmuKeyVar</name>
         <run_address>0xd00</run_address>
         <size>0x1</size>
         <contents>
            <object_component_ref idref="oc-65"/>
         </contents>
      </logical_group>
      <logical_group id="lg-18" display="no" color="cyan">
         <name>EmuBModeVar</name>
         <run_address>0xd01</run_address>
         <size>0x1</size>
         <contents>
            <object_component_ref idref="oc-66"/>
         </contents>
      </logical_group>
      <logical_group id="lg-19" display="no" color="cyan">
         <name>FlashCallbackVar</name>
         <run_address>0xd02</run_address>
         <size>0x2</size>
         <contents>
            <object_component_ref idref="oc-67"/>
         </contents>
      </logical_group>
      <logical_group id="lg-1a" display="no" color="cyan">
         <name>FlashScalingVar</name>
         <run_address>0xd04</run_address>
         <size>0x2</size>
         <contents>
            <object_component_ref idref="oc-68"/>
         </contents>
      </logical_group>
      <logical_group id="lg-16" display="no" color="cyan">
         <name>GROUP_2</name>
         <run_address>0xd00</run_address>
         <size>0x6</size>
         <contents>
            <logical_group_ref idref="lg-17"/>
            <logical_group_ref idref="lg-18"/>
            <logical_group_ref idref="lg-19"/>
            <logical_group_ref idref="lg-1a"/>
         </contents>
      </logical_group>
      <overlay id="lg-14" display="no" color="cyan">
         <name>UNION_1</name>
         <run_address>0xd00</run_address>
         <size>0x100</size>
         <contents>
            <logical_group_ref idref="lg-15"/>
            <logical_group_ref idref="lg-16"/>
         </contents>
      </overlay>
      <logical_group id="lg-1b" display="no" color="cyan">
         <name>DevEmuRegsFile</name>
         <run_address>0x880</run_address>
         <size>0x4</size>
         <contents>
            <object_component_ref idref="oc-6a"/>
         </contents>
      </logical_group>
      <logical_group id="lg-1c" display="no" color="cyan">
         <name>SysPwrCtrlRegsFile</name>
         <run_address>0x985</run_address>
         <size>0x3</size>
         <contents>
            <object_component_ref idref="oc-69"/>
         </contents>
      </logical_group>
      <logical_group id="lg-1d" display="no" color="cyan">
         <name>FlashRegsFile</name>
         <run_address>0xa80</run_address>
         <size>0x8</size>
         <contents>
            <object_component_ref idref="oc-6b"/>
         </contents>
      </logical_group>
      <logical_group id="lg-1e" display="no" color="cyan">
         <name>CsmRegsFile</name>
         <run_address>0xae0</run_address>
         <size>0x10</size>
         <contents>
            <object_component_ref idref="oc-75"/>
         </contents>
      </logical_group>
      <logical_group id="lg-1f" display="no" color="cyan">
         <name>AdcResultFile</name>
         <run_address>0xb00</run_address>
         <size>0x10</size>
         <contents>
            <object_component_ref idref="oc-72"/>
         </contents>
      </logical_group>
      <logical_group id="lg-20" display="no" color="cyan">
         <name>CpuTimer0RegsFile</name>
         <run_address>0xc00</run_address>
         <size>0x8</size>
         <contents>
            <object_component_ref idref="oc-6c"/>
         </contents>
      </logical_group>
      <logical_group id="lg-21" display="no" color="cyan">
         <name>CpuTimer1RegsFile</name>
         <run_address>0xc08</run_address>
         <size>0x8</size>
         <contents>
            <object_component_ref idref="oc-6f"/>
         </contents>
      </logical_group>
      <logical_group id="lg-22" display="no" color="cyan">
         <name>CpuTimer2RegsFile</name>
         <run_address>0xc10</run_address>
         <size>0x8</size>
         <contents>
            <object_component_ref idref="oc-6d"/>
         </contents>
      </logical_group>
      <logical_group id="lg-23" display="no" color="cyan">
         <name>PieCtrlRegsFile</name>
         <run_address>0xce0</run_address>
         <size>0x1a</size>
         <contents>
            <object_component_ref idref="oc-7b"/>
         </contents>
      </logical_group>
      <logical_group id="lg-24" display="no" color="cyan">
         <name>Cla1RegsFile</name>
         <run_address>0x1400</run_address>
         <size>0x40</size>
         <contents>
            <object_component_ref idref="oc-90"/>
         </contents>
      </logical_group>
      <logical_group id="lg-25" display="no" color="cyan">
         <name>DmaRegsFile</name>
         <run_address>0x1000</run_address>
         <size>0xe0</size>
         <contents>
            <object_component_ref idref="oc-99"/>
         </contents>
      </logical_group>
      <logical_group id="lg-26" display="no" color="cyan">
         <name>ECanaRegsFile</name>
         <run_address>0x6000</run_address>
         <size>0x34</size>
         <contents>
            <object_component_ref idref="oc-8a"/>
         </contents>
      </logical_group>
      <logical_group id="lg-27" display="no" color="cyan">
         <name>ECanaLAMRegsFile</name>
         <run_address>0x6040</run_address>
         <size>0x40</size>
         <contents>
            <object_component_ref idref="oc-8e"/>
         </contents>
      </logical_group>
      <logical_group id="lg-28" display="no" color="cyan">
         <name>ECanaMboxesFile</name>
         <run_address>0x6100</run_address>
         <size>0x100</size>
         <contents>
            <object_component_ref idref="oc-9b"/>
         </contents>
      </logical_group>
      <logical_group id="lg-29" display="no" color="cyan">
         <name>ECanaMOTSRegsFile</name>
         <run_address>0x6080</run_address>
         <size>0x40</size>
         <contents>
            <object_component_ref idref="oc-8f"/>
         </contents>
      </logical_group>
      <logical_group id="lg-2a" display="no" color="cyan">
         <name>ECanaMOTORegsFile</name>
         <run_address>0x60c0</run_address>
         <size>0x40</size>
         <contents>
            <object_component_ref idref="oc-8b"/>
         </contents>
      </logical_group>
      <logical_group id="lg-2b" display="no" color="cyan">
         <name>ECap1RegsFile</name>
         <run_address>0x6a00</run_address>
         <size>0x20</size>
         <contents>
            <object_component_ref idref="oc-83"/>
         </contents>
      </logical_group>
      <logical_group id="lg-2c" display="no" color="cyan">
         <name>ECap2RegsFile</name>
         <run_address>0x6a20</run_address>
         <size>0x20</size>
         <contents>
            <object_component_ref idref="oc-82"/>
         </contents>
      </logical_group>
      <logical_group id="lg-2d" display="no" color="cyan">
         <name>ECap3RegsFile</name>
         <run_address>0x6a40</run_address>
         <size>0x20</size>
         <contents>
            <object_component_ref idref="oc-84"/>
         </contents>
      </logical_group>
      <logical_group id="lg-2e" display="no" color="cyan">
         <name>EQep1RegsFile</name>
         <run_address>0x6b00</run_address>
         <size>0x22</size>
         <contents>
            <object_component_ref idref="oc-87"/>
         </contents>
      </logical_group>
      <logical_group id="lg-2f" display="no" color="cyan">
         <name>EQep2RegsFile</name>
         <run_address>0x6b40</run_address>
         <size>0x22</size>
         <contents>
            <object_component_ref idref="oc-85"/>
         </contents>
      </logical_group>
      <logical_group id="lg-30" display="no" color="cyan">
         <name>GpioCtrlRegsFile</name>
         <run_address>0x6f80</run_address>
         <size>0x40</size>
         <contents>
            <object_component_ref idref="oc-93"/>
         </contents>
      </logical_group>
      <logical_group id="lg-31" display="no" color="cyan">
         <name>GpioDataRegsFile</name>
         <run_address>0x6fc0</run_address>
         <size>0x20</size>
         <contents>
            <object_component_ref idref="oc-7d"/>
         </contents>
      </logical_group>
      <logical_group id="lg-32" display="no" color="cyan">
         <name>GpioIntRegsFile</name>
         <run_address>0x6fe0</run_address>
         <size>0x20</size>
         <contents>
            <object_component_ref idref="oc-7c"/>
         </contents>
      </logical_group>
      <logical_group id="lg-33" display="no" color="cyan">
         <name>HRCap1RegsFile</name>
         <run_address>0x6ac0</run_address>
         <size>0x20</size>
         <contents>
            <object_component_ref idref="oc-80"/>
         </contents>
      </logical_group>
      <logical_group id="lg-34" display="no" color="cyan">
         <name>HRCap2RegsFile</name>
         <run_address>0x6ae0</run_address>
         <size>0x20</size>
         <contents>
            <object_component_ref idref="oc-81"/>
         </contents>
      </logical_group>
      <logical_group id="lg-35" display="no" color="cyan">
         <name>HRCap3RegsFile</name>
         <run_address>0x6c80</run_address>
         <size>0x20</size>
         <contents>
            <object_component_ref idref="oc-7e"/>
         </contents>
      </logical_group>
      <logical_group id="lg-36" display="no" color="cyan">
         <name>HRCap4RegsFile</name>
         <run_address>0x6ca0</run_address>
         <size>0x20</size>
         <contents>
            <object_component_ref idref="oc-7f"/>
         </contents>
      </logical_group>
      <logical_group id="lg-37" display="no" color="cyan">
         <name>SysCtrlRegsFile</name>
         <run_address>0x7010</run_address>
         <size>0x30</size>
         <contents>
            <object_component_ref idref="oc-89"/>
         </contents>
      </logical_group>
      <logical_group id="lg-38" display="no" color="cyan">
         <name>SpiaRegsFile</name>
         <run_address>0x7040</run_address>
         <size>0x10</size>
         <contents>
            <object_component_ref idref="oc-71"/>
         </contents>
      </logical_group>
      <logical_group id="lg-39" display="no" color="cyan">
         <name>SpibRegsFile</name>
         <run_address>0x7740</run_address>
         <size>0x10</size>
         <contents>
            <object_component_ref idref="oc-76"/>
         </contents>
      </logical_group>
      <logical_group id="lg-3a" display="no" color="cyan">
         <name>SciaRegsFile</name>
         <run_address>0x7050</run_address>
         <size>0x10</size>
         <contents>
            <object_component_ref idref="oc-73"/>
         </contents>
      </logical_group>
      <logical_group id="lg-3b" display="no" color="cyan">
         <name>ScibRegsFile</name>
         <run_address>0x7750</run_address>
         <size>0x10</size>
         <contents>
            <object_component_ref idref="oc-70"/>
         </contents>
      </logical_group>
      <logical_group id="lg-3c" display="no" color="cyan">
         <name>NmiIntruptRegsFile</name>
         <run_address>0x7060</run_address>
         <size>0x10</size>
         <contents>
            <object_component_ref idref="oc-74"/>
         </contents>
      </logical_group>
      <logical_group id="lg-3d" display="no" color="cyan">
         <name>XIntruptRegsFile</name>
         <run_address>0x7070</run_address>
         <size>0x10</size>
         <contents>
            <object_component_ref idref="oc-77"/>
         </contents>
      </logical_group>
      <logical_group id="lg-3e" display="no" color="cyan">
         <name>AdcRegsFile</name>
         <run_address>0x7100</run_address>
         <size>0x50</size>
         <contents>
            <object_component_ref idref="oc-98"/>
         </contents>
      </logical_group>
      <logical_group id="lg-3f" display="no" color="cyan">
         <name>I2caRegsFile</name>
         <run_address>0x7900</run_address>
         <size>0x22</size>
         <contents>
            <object_component_ref idref="oc-86"/>
         </contents>
      </logical_group>
      <logical_group id="lg-40" display="no" color="cyan">
         <name>Comp1RegsFile</name>
         <run_address>0x6400</run_address>
         <size>0x14</size>
         <contents>
            <object_component_ref idref="oc-79"/>
         </contents>
      </logical_group>
      <logical_group id="lg-41" display="no" color="cyan">
         <name>Comp2RegsFile</name>
         <run_address>0x6420</run_address>
         <size>0x14</size>
         <contents>
            <object_component_ref idref="oc-78"/>
         </contents>
      </logical_group>
      <logical_group id="lg-42" display="no" color="cyan">
         <name>Comp3RegsFile</name>
         <run_address>0x6440</run_address>
         <size>0x14</size>
         <contents>
            <object_component_ref idref="oc-7a"/>
         </contents>
      </logical_group>
      <logical_group id="lg-43" display="no" color="cyan">
         <name>EPwm1RegsFile</name>
         <run_address>0x6800</run_address>
         <size>0x40</size>
         <contents>
            <object_component_ref idref="oc-8d"/>
         </contents>
      </logical_group>
      <logical_group id="lg-44" display="no" color="cyan">
         <name>EPwm2RegsFile</name>
         <run_address>0x6840</run_address>
         <size>0x40</size>
         <contents>
            <object_component_ref idref="oc-8c"/>
         </contents>
      </logical_group>
      <logical_group id="lg-45" display="no" color="cyan">
         <name>EPwm3RegsFile</name>
         <run_address>0x6880</run_address>
         <size>0x40</size>
         <contents>
            <object_component_ref idref="oc-97"/>
         </contents>
      </logical_group>
      <logical_group id="lg-46" display="no" color="cyan">
         <name>EPwm4RegsFile</name>
         <run_address>0x68c0</run_address>
         <size>0x40</size>
         <contents>
            <object_component_ref idref="oc-95"/>
         </contents>
      </logical_group>
      <logical_group id="lg-47" display="no" color="cyan">
         <name>EPwm5RegsFile</name>
         <run_address>0x6900</run_address>
         <size>0x40</size>
         <contents>
            <object_component_ref idref="oc-96"/>
         </contents>
      </logical_group>
      <logical_group id="lg-48" display="no" color="cyan">
         <name>EPwm6RegsFile</name>
         <run_address>0x6940</run_address>
         <size>0x40</size>
         <contents>
            <object_component_ref idref="oc-92"/>
         </contents>
      </logical_group>
      <logical_group id="lg-49" display="no" color="cyan">
         <name>EPwm7RegsFile</name>
         <run_address>0x6980</run_address>
         <size>0x40</size>
         <contents>
            <object_component_ref idref="oc-91"/>
         </contents>
      </logical_group>
      <logical_group id="lg-4a" display="no" color="cyan">
         <name>EPwm8RegsFile</name>
         <run_address>0x69c0</run_address>
         <size>0x40</size>
         <contents>
            <object_component_ref idref="oc-94"/>
         </contents>
      </logical_group>
      <logical_group id="lg-4b" display="no" color="cyan">
         <name>McbspaRegsFile</name>
         <run_address>0x5000</run_address>
         <size>0x24</size>
         <contents>
            <object_component_ref idref="oc-88"/>
         </contents>
      </logical_group>
      <logical_group id="lg-4c" display="no" color="cyan">
         <name>Usb0RegsFile</name>
         <run_address>0x4000</run_address>
         <size>0x454</size>
         <contents>
            <object_component_ref idref="oc-9c"/>
         </contents>
      </logical_group>
      <logical_group id="lg-4d" display="no" color="cyan">
         <name>CsmPwlFile</name>
         <run_address>0x3f7ff8</run_address>
         <size>0x8</size>
         <contents>
            <object_component_ref idref="oc-6e"/>
         </contents>
      </logical_group>
      <logical_group id="lg-4e" display="no" color="cyan">
         <name>PartIdRegsFile</name>
         <run_address>0x3d7e80</run_address>
         <size>0x1</size>
         <contents>
            <object_component_ref idref="oc-64"/>
         </contents>
      </logical_group>
      <logical_group id="lg-13f" display="never" color="cyan">
         <name>.debug_info</name>
         <load_address>0x0</load_address>
         <run_address>0x0</run_address>
         <size>0x2b6e0</size>
         <contents>
            <object_component_ref idref="oc-51"/>
            <object_component_ref idref="oc-59"/>
            <object_component_ref idref="oc-5d"/>
            <object_component_ref idref="oc-63"/>
            <object_component_ref idref="oc-9e"/>
            <object_component_ref idref="oc-a3"/>
            <object_component_ref idref="oc-a8"/>
            <object_component_ref idref="oc-ad"/>
            <object_component_ref idref="oc-b3"/>
            <object_component_ref idref="oc-ba"/>
            <object_component_ref idref="oc-be"/>
            <object_component_ref idref="oc-c3"/>
            <object_component_ref idref="oc-c8"/>
            <object_component_ref idref="oc-cd"/>
            <object_component_ref idref="oc-d2"/>
            <object_component_ref idref="oc-d9"/>
            <object_component_ref idref="oc-de"/>
            <object_component_ref idref="oc-14c"/>
         </contents>
      </logical_group>
      <logical_group id="lg-141" display="never" color="cyan">
         <name>.debug_frame</name>
         <load_address>0x0</load_address>
         <run_address>0x0</run_address>
         <size>0x12eb</size>
         <contents>
            <object_component_ref idref="oc-54"/>
            <object_component_ref idref="oc-5f"/>
            <object_component_ref idref="oc-9f"/>
            <object_component_ref idref="oc-a4"/>
            <object_component_ref idref="oc-a9"/>
            <object_component_ref idref="oc-ae"/>
            <object_component_ref idref="oc-bf"/>
            <object_component_ref idref="oc-c4"/>
            <object_component_ref idref="oc-c9"/>
            <object_component_ref idref="oc-ce"/>
            <object_component_ref idref="oc-d5"/>
            <object_component_ref idref="oc-da"/>
            <object_component_ref idref="oc-df"/>
         </contents>
      </logical_group>
      <logical_group id="lg-143" display="never" color="cyan">
         <name>.debug_line</name>
         <load_address>0x0</load_address>
         <run_address>0x0</run_address>
         <size>0x1169</size>
         <contents>
            <object_component_ref idref="oc-55"/>
            <object_component_ref idref="oc-5a"/>
            <object_component_ref idref="oc-60"/>
            <object_component_ref idref="oc-a0"/>
            <object_component_ref idref="oc-a5"/>
            <object_component_ref idref="oc-aa"/>
            <object_component_ref idref="oc-af"/>
            <object_component_ref idref="oc-b4"/>
            <object_component_ref idref="oc-bb"/>
            <object_component_ref idref="oc-c0"/>
            <object_component_ref idref="oc-c5"/>
            <object_component_ref idref="oc-ca"/>
            <object_component_ref idref="oc-cf"/>
            <object_component_ref idref="oc-d6"/>
            <object_component_ref idref="oc-db"/>
            <object_component_ref idref="oc-e0"/>
         </contents>
      </logical_group>
      <logical_group id="lg-145" display="never" color="cyan">
         <name>.debug_abbrev</name>
         <load_address>0x0</load_address>
         <run_address>0x0</run_address>
         <size>0xdbd</size>
         <contents>
            <object_component_ref idref="oc-56"/>
            <object_component_ref idref="oc-5b"/>
            <object_component_ref idref="oc-61"/>
            <object_component_ref idref="oc-9d"/>
            <object_component_ref idref="oc-a1"/>
            <object_component_ref idref="oc-a6"/>
            <object_component_ref idref="oc-ab"/>
            <object_component_ref idref="oc-b0"/>
            <object_component_ref idref="oc-b5"/>
            <object_component_ref idref="oc-bc"/>
            <object_component_ref idref="oc-c1"/>
            <object_component_ref idref="oc-c6"/>
            <object_component_ref idref="oc-cb"/>
            <object_component_ref idref="oc-d0"/>
            <object_component_ref idref="oc-d7"/>
            <object_component_ref idref="oc-dc"/>
            <object_component_ref idref="oc-e1"/>
            <object_component_ref idref="oc-14d"/>
         </contents>
      </logical_group>
      <logical_group id="lg-147" display="never" color="cyan">
         <name>.debug_aranges</name>
         <load_address>0x0</load_address>
         <run_address>0x0</run_address>
         <size>0x588</size>
         <contents>
            <object_component_ref idref="oc-57"/>
            <object_component_ref idref="oc-5c"/>
            <object_component_ref idref="oc-62"/>
            <object_component_ref idref="oc-a2"/>
            <object_component_ref idref="oc-a7"/>
            <object_component_ref idref="oc-ac"/>
            <object_component_ref idref="oc-b1"/>
            <object_component_ref idref="oc-b6"/>
            <object_component_ref idref="oc-bd"/>
            <object_component_ref idref="oc-c2"/>
            <object_component_ref idref="oc-c7"/>
            <object_component_ref idref="oc-cc"/>
            <object_component_ref idref="oc-d1"/>
            <object_component_ref idref="oc-d8"/>
            <object_component_ref idref="oc-dd"/>
            <object_component_ref idref="oc-e2"/>
         </contents>
      </logical_group>
   </logical_group_list>
   <placement_map>
      <memory_area display="no" color="green">
         <name>BEGIN</name>
         <page_id>0x0</page_id>
         <origin>0x0</origin>
         <length>0x2</length>
         <used_space>0x2</used_space>
         <unused_space>0x0</unused_space>
         <attributes>RWIX</attributes>
         <usage_details>
            <allocated_space>
               <start_address>0x0</start_address>
               <size>0x2</size>
               <logical_group_ref idref="lg-2"/>
            </allocated_space>
         </usage_details>
      </memory_area>
      <memory_area display="yes" color="green">
         <name>RAMM0</name>
         <page_id>0x0</page_id>
         <origin>0x50</origin>
         <length>0x3b0</length>
         <used_space>0x1e</used_space>
         <unused_space>0x392</unused_space>
         <attributes>RWIX</attributes>
         <usage_details>
            <allocated_space>
               <start_address>0x50</start_address>
               <size>0x1a</size>
               <logical_group_ref idref="lg-5"/>
            </allocated_space>
            <allocated_space>
               <start_address>0x6a</start_address>
               <size>0x4</size>
               <logical_group_ref idref="lg-3"/>
            </allocated_space>
            <available_space>
               <start_address>0x6e</start_address>
               <size>0x392</size>
            </available_space>
         </usage_details>
      </memory_area>
      <memory_area display="yes" color="green">
         <name>RAML0_L3</name>
         <page_id>0x0</page_id>
         <origin>0x8000</origin>
         <length>0x2000</length>
         <used_space>0x732</used_space>
         <unused_space>0x18ce</unused_space>
         <attributes>RWIX</attributes>
         <usage_details>
            <allocated_space>
               <start_address>0x8000</start_address>
               <size>0x732</size>
               <logical_group_ref idref="lg-4"/>
            </allocated_space>
            <available_space>
               <start_address>0x8732</start_address>
               <size>0x18ce</size>
            </available_space>
         </usage_details>
      </memory_area>
      <memory_area display="yes" color="green">
         <name>FPUTABLES</name>
         <page_id>0x0</page_id>
         <origin>0x3fd860</origin>
         <length>0x6a0</length>
         <used_space>0x0</used_space>
         <unused_space>0x6a0</unused_space>
         <attributes>RWIX</attributes>
         <usage_details>
         </usage_details>
      </memory_area>
      <memory_area display="yes" color="green">
         <name>IQTABLES</name>
         <page_id>0x0</page_id>
         <origin>0x3fdf00</origin>
         <length>0xb50</length>
         <used_space>0x0</used_space>
         <unused_space>0xb50</unused_space>
         <attributes>RWIX</attributes>
         <usage_details>
         </usage_details>
      </memory_area>
      <memory_area display="yes" color="green">
         <name>IQTABLES2</name>
         <page_id>0x0</page_id>
         <origin>0x3fea50</origin>
         <length>0x8c</length>
         <used_space>0x0</used_space>
         <unused_space>0x8c</unused_space>
         <attributes>RWIX</attributes>
         <usage_details>
         </usage_details>
      </memory_area>
      <memory_area display="yes" color="green">
         <name>IQTABLES3</name>
         <page_id>0x0</page_id>
         <origin>0x3feadc</origin>
         <length>0xaa</length>
         <used_space>0x0</used_space>
         <unused_space>0xaa</unused_space>
         <attributes>RWIX</attributes>
         <usage_details>
         </usage_details>
      </memory_area>
      <memory_area display="yes" color="green">
         <name>BOOTROM</name>
         <page_id>0x0</page_id>
         <origin>0x3ff3b0</origin>
         <length>0xc10</length>
         <used_space>0x0</used_space>
         <unused_space>0xc10</unused_space>
         <attributes>RWIX</attributes>
         <usage_details>
         </usage_details>
      </memory_area>
      <memory_area display="no" color="green">
         <name>RESET</name>
         <page_id>0x0</page_id>
         <origin>0x3fffc0</origin>
         <length>0x2</length>
         <used_space>0x0</used_space>
         <unused_space>0x2</unused_space>
         <attributes>RWIX</attributes>
         <usage_details>
         </usage_details>
      </memory_area>
      <memory_area display="no" color="green">
         <name>BOOT_RSVD</name>
         <page_id>0x1</page_id>
         <origin>0x2</origin>
         <length>0x4e</length>
         <used_space>0x0</used_space>
         <unused_space>0x4e</unused_space>
         <attributes>RWIX</attributes>
         <usage_details>
         </usage_details>
      </memory_area>
      <memory_area display="yes" color="green">
         <name>RAMM1</name>
         <page_id>0x1</page_id>
         <origin>0x400</origin>
         <length>0x400</length>
         <used_space>0x200</used_space>
         <unused_space>0x200</unused_space>
         <attributes>RWIX</attributes>
         <usage_details>
            <allocated_space>
               <start_address>0x400</start_address>
               <size>0x200</size>
               <logical_group_ref idref="lg-9"/>
            </allocated_space>
            <available_space>
               <start_address>0x600</start_address>
               <size>0x200</size>
            </available_space>
         </usage_details>
      </memory_area>
      <memory_area display="yes" color="green">
         <name>DEV_EMU</name>
         <page_id>0x1</page_id>
         <origin>0x880</origin>
         <length>0x105</length>
         <used_space>0x4</used_space>
         <unused_space>0x101</unused_space>
         <attributes>RWIX</attributes>
         <usage_details>
            <allocated_space>
               <start_address>0x880</start_address>
               <size>0x4</size>
               <logical_group_ref idref="lg-1b"/>
            </allocated_space>
[...]
      </symbol>
      <symbol id="sm-17f">
         <name>_NMI_ISR</name>
         <value>0x8032</value>
         <object_component_ref idref="oc-5e"/>
      </symbol>
      <symbol id="sm-180">
         <name>_SCITXINTB_ISR</name>
         <value>0x82b2</value>
         <object_component_ref idref="oc-5e"/>
      </symbol>
      <symbol id="sm-181">
         <name>_SCIRXINTB_ISR</name>
         <value>0x82a8</value>
         <object_component_ref idref="oc-5e"/>
      </symbol>
      <symbol id="sm-182">
         <name>_ECAN1INTA_ISR</name>
         <value>0x82c6</value>
         <object_component_ref idref="oc-5e"/>
      </symbol>
      <symbol id="sm-183">
         <name>_ADCINT2_ISR</name>
         <value>0x80c8</value>
         <object_component_ref idref="oc-5e"/>
      </symbol>
      <symbol id="sm-184">
         <name>_ECAP2_INT_ISR</name>
         <value>0x81ae</value>
         <object_component_ref idref="oc-5e"/>
      </symbol>
      <symbol id="sm-185">
         <name>_PIE_RESERVED</name>
         <value>0x8387</value>
         <object_component_ref idref="oc-5e"/>
      </symbol>
      <symbol id="sm-186">
         <name>_I2CINT1A_ISR</name>
         <value>0x8280</value>
         <object_component_ref idref="oc-5e"/>
      </symbol>
      <symbol id="sm-187">
         <name>_XINT2_ISR</name>
         <value>0x80dc</value>
         <object_component_ref idref="oc-5e"/>
      </symbol>
      <symbol id="sm-188">
         <name>_CLA1_INT7_ISR</name>
         <value>0x8348</value>
         <object_component_ref idref="oc-5e"/>
      </symbol>
      <symbol id="sm-189">
         <name>_I2CINT2A_ISR</name>
         <value>0x828a</value>
         <object_component_ref idref="oc-5e"/>
      </symbol>
      <symbol id="sm-18a">
         <name>_RTOSINT_ISR</name>
         <value>0x801e</value>
         <object_component_ref idref="oc-5e"/>
      </symbol>
      <symbol id="sm-18b">
         <name>_EPWM3_INT_ISR</name>
         <value>0x8168</value>
         <object_component_ref idref="oc-5e"/>
      </symbol>
      <symbol id="sm-18c">
         <name>_ADCINT3_ISR</name>
         <value>0x82d0</value>
         <object_component_ref idref="oc-5e"/>
      </symbol>
      <symbol id="sm-18d">
         <name>_SPITXINTB_ISR</name>
         <value>0x8226</value>
         <object_component_ref idref="oc-5e"/>
      </symbol>
      <symbol id="sm-18e">
         <name>_SPIRXINTB_ISR</name>
         <value>0x821c</value>
         <object_component_ref idref="oc-5e"/>
      </symbol>
      <symbol id="sm-18f">
         <name>_USER9_ISR</name>
         <value>0x8096</value>
         <object_component_ref idref="oc-5e"/>
      </symbol>
      <symbol id="sm-190">
         <name>_USER3_ISR</name>
         <value>0x805a</value>
         <object_component_ref idref="oc-5e"/>
      </symbol>
      <symbol id="sm-191">
         <name>_CLA1_INT4_ISR</name>
         <value>0x832a</value>
         <object_component_ref idref="oc-5e"/>
      </symbol>
      <symbol id="sm-192">
         <name>_EQEP1_INT_ISR</name>
         <value>0x81d6</value>
         <object_component_ref idref="oc-5e"/>
      </symbol>
      <symbol id="sm-193">
         <name>_HRCAP3_INT_ISR</name>
         <value>0x81ea</value>
         <object_component_ref idref="oc-5e"/>
      </symbol>
      <symbol id="sm-194">
         <name>_DINTCH1_ISR</name>
         <value>0x8244</value>
         <object_component_ref idref="oc-5e"/>
      </symbol>
      <symbol id="sm-195">
         <name>_USER8_ISR</name>
         <value>0x808c</value>
         <object_component_ref idref="oc-5e"/>
      </symbol>
      <symbol id="sm-196">
         <name>_EPWM1_INT_ISR</name>
         <value>0x8154</value>
         <object_component_ref idref="oc-5e"/>
      </symbol>
      <symbol id="sm-197">
         <name>_USER2_ISR</name>
         <value>0x8050</value>
         <object_component_ref idref="oc-5e"/>
      </symbol>
      <symbol id="sm-198">
         <name>_CLA1_INT5_ISR</name>
         <value>0x8334</value>
         <object_component_ref idref="oc-5e"/>
      </symbol>
      <symbol id="sm-199">
         <name>_LUF_ISR</name>
         <value>0x8370</value>
         <object_component_ref idref="oc-5e"/>
      </symbol>
      <symbol id="sm-19a">
         <name>_LVF_ISR</name>
         <value>0x8366</value>
         <object_component_ref idref="oc-5e"/>
      </symbol>
      <symbol id="sm-19b">
         <name>_SCITXINTA_ISR</name>
         <value>0x829e</value>
         <object_component_ref idref="oc-5e"/>
      </symbol>
      <symbol id="sm-19c">
         <name>_SCIRXINTA_ISR</name>
         <value>0x8294</value>
         <object_component_ref idref="oc-5e"/>
      </symbol>
      <symbol id="sm-19d">
         <name>_rsvd_ISR</name>
         <value>0x8391</value>
         <object_component_ref idref="oc-5e"/>
      </symbol>
      <symbol id="sm-19e">
         <name>_HRCAP1_INT_ISR</name>
         <value>0x81c2</value>
         <object_component_ref idref="oc-5e"/>
      </symbol>
      <symbol id="sm-19f">
         <name>_DINTCH2_ISR</name>
         <value>0x824e</value>
         <object_component_ref idref="oc-5e"/>
      </symbol>
      <symbol id="sm-217">
         <name>_Usb0Regs</name>
         <value>0x4000</value>
         <object_component_ref idref="oc-9c"/>
      </symbol>
      <symbol id="sm-218">
         <name>_GpioCtrlRegs</name>
         <value>0x6f80</value>
         <object_component_ref idref="oc-93"/>
      </symbol>
      <symbol id="sm-219">
         <name>_PieVectTable</name>
         <value>0xd00</value>
         <object_component_ref idref="oc-9a"/>
      </symbol>
      <symbol id="sm-21a">
         <name>_SysPwrCtrlRegs</name>
         <value>0x985</value>
         <object_component_ref idref="oc-69"/>
      </symbol>
      <symbol id="sm-21b">
         <name>_EmuBMode</name>
         <value>0xd01</value>
         <object_component_ref idref="oc-66"/>
      </symbol>
      <symbol id="sm-21c">
         <name>_CsmRegs</name>
         <value>0xae0</value>
         <object_component_ref idref="oc-75"/>
      </symbol>
      <symbol id="sm-21d">
         <name>_ECanaLAMRegs</name>
         <value>0x6040</value>
         <object_component_ref idref="oc-8e"/>
      </symbol>
      <symbol id="sm-21e">
         <name>_AdcResult</name>
         <value>0xb00</value>
         <object_component_ref idref="oc-72"/>
      </symbol>
      <symbol id="sm-21f">
         <name>_EPwm4Regs</name>
         <value>0x68c0</value>
         <object_component_ref idref="oc-95"/>
      </symbol>
      <symbol id="sm-220">
         <name>_CpuTimer1Regs</name>
         <value>0xc08</value>
         <object_component_ref idref="oc-6f"/>
      </symbol>
      <symbol id="sm-221">
         <name>_SysCtrlRegs</name>
         <value>0x7010</value>
         <object_component_ref idref="oc-89"/>
      </symbol>
      <symbol id="sm-222">
         <name>_HRCap4Regs</name>
         <value>0x6ca0</value>
         <object_component_ref idref="oc-7f"/>
      </symbol>
      <symbol id="sm-223">
         <name>_EPwm5Regs</name>
         <value>0x6900</value>
         <object_component_ref idref="oc-96"/>
      </symbol>
      <symbol id="sm-224">
         <name>_SpiaRegs</name>
         <value>0x7040</value>
         <object_component_ref idref="oc-71"/>
      </symbol>
      <symbol id="sm-225">
         <name>_ECanaMOTSRegs</name>
         <value>0x6080</value>
         <object_component_ref idref="oc-8f"/>
      </symbol>
      <symbol id="sm-226">
         <name>_DmaRegs</name>
         <value>0x1000</value>
         <object_component_ref idref="oc-99"/>
      </symbol>
      <symbol id="sm-227">
         <name>_FlashRegs</name>
         <value>0xa80</value>
         <object_component_ref idref="oc-6b"/>
      </symbol>
      <symbol id="sm-228">
         <name>_CpuTimer0Regs</name>
         <value>0xc00</value>
         <object_component_ref idref="oc-6c"/>
      </symbol>
      <symbol id="sm-229">
         <name>_DevEmuRegs</name>
         <value>0x880</value>
         <object_component_ref idref="oc-6a"/>
      </symbol>
      <symbol id="sm-22a">
         <name>_EPwm6Regs</name>
         <value>0x6940</value>
         <object_component_ref idref="oc-92"/>
      </symbol>
      <symbol id="sm-22b">
         <name>_Comp1Regs</name>
         <value>0x6400</value>
         <object_component_ref idref="oc-79"/>
      </symbol>
      <symbol id="sm-22c">
         <name>_SciaRegs</name>
         <value>0x7050</value>
         <object_component_ref idref="oc-73"/>
      </symbol>
      <symbol id="sm-22d">
         <name>_GpioDataRegs</name>
         <value>0x6fc0</value>
         <object_component_ref idref="oc-7d"/>
      </symbol>
      <symbol id="sm-22e">
         <name>_CsmPwl</name>
         <value>0x3f7ff8</value>
         <object_component_ref idref="oc-6e"/>
      </symbol>
      <symbol id="sm-22f">
         <name>_AdcRegs</name>
         <value>0x7100</value>
         <object_component_ref idref="oc-98"/>
      </symbol>
      <symbol id="sm-230">
         <name>_EPwm7Regs</name>
         <value>0x6980</value>
         <object_component_ref idref="oc-91"/>
      </symbol>
      <symbol id="sm-231">
         <name>_Comp2Regs</name>
         <value>0x6420</value>
         <object_component_ref idref="oc-78"/>
      </symbol>
      <symbol id="sm-232">
         <name>_XIntruptRegs</name>
         <value>0x7070</value>
         <object_component_ref idref="oc-77"/>
      </symbol>
      <symbol id="sm-233">
         <name>_CpuTimer2Regs</name>
         <value>0xc10</value>
         <object_component_ref idref="oc-6d"/>
      </symbol>
      <symbol id="sm-234">
         <name>_HRCap1Regs</name>
         <value>0x6ac0</value>
         <object_component_ref idref="oc-80"/>
      </symbol>
      <symbol id="sm-235">
         <name>_PieCtrlRegs</name>
         <value>0xce0</value>
         <object_component_ref idref="oc-7b"/>
      </symbol>
      <symbol id="sm-236">
         <name>_SpibRegs</name>
         <value>0x7740</value>
         <object_component_ref idref="oc-76"/>
      </symbol>
      <symbol id="sm-237">
         <name>_ECanaRegs</name>
         <value>0x6000</value>
         <object_component_ref idref="oc-8a"/>
      </symbol>
      <symbol id="sm-238">
         <name>_Comp3Regs</name>
         <value>0x6440</value>
         <object_component_ref idref="oc-7a"/>
      </symbol>
      <symbol id="sm-239">
         <name>_ECap1Regs</name>
         <value>0x6a00</value>
         <object_component_ref idref="oc-83"/>
      </symbol>
      <symbol id="sm-23a">
         <name>_EmuKey</name>
         <value>0xd00</value>
         <object_component_ref idref="oc-65"/>
      </symbol>
      <symbol id="sm-23b">
         <name>_Cla1Regs</name>
         <value>0x1400</value>
         <object_component_ref idref="oc-90"/>
      </symbol>
      <symbol id="sm-23c">
         <name>_EQep1Regs</name>
         <value>0x6b00</value>
         <object_component_ref idref="oc-87"/>
      </symbol>
      <symbol id="sm-23d">
         <name>_McbspaRegs</name>
         <value>0x5000</value>
         <object_component_ref idref="oc-88"/>
      </symbol>
      <symbol id="sm-23e">
         <name>_EPwm1Regs</name>
         <value>0x6800</value>
         <object_component_ref idref="oc-8d"/>
      </symbol>
      <symbol id="sm-23f">
         <name>_ScibRegs</name>
         <value>0x7750</value>
         <object_component_ref idref="oc-70"/>
      </symbol>
      <symbol id="sm-240">
         <name>_ECap2Regs</name>
         <value>0x6a20</value>
         <object_component_ref idref="oc-82"/>
      </symbol>
      <symbol id="sm-241">
         <name>_GpioIntRegs</name>
         <value>0x6fe0</value>
         <object_component_ref idref="oc-7c"/>
      </symbol>
      <symbol id="sm-242">
         <name>_EQep2Regs</name>
         <value>0x6b40</value>
         <object_component_ref idref="oc-85"/>
      </symbol>
      <symbol id="sm-243">
         <name>_PartIdRegs</name>
         <value>0x3d7e80</value>
         <object_component_ref idref="oc-64"/>
      </symbol>
      <symbol id="sm-244">
         <name>_HRCap3Regs</name>
         <value>0x6c80</value>
         <object_component_ref idref="oc-7e"/>
      </symbol>
      <symbol id="sm-245">
         <name>_EPwm8Regs</name>
         <value>0x69c0</value>
         <object_component_ref idref="oc-94"/>
      </symbol>
      <symbol id="sm-246">
         <name>_Flash_CPUScaleFactor</name>
         <value>0xd04</value>
         <object_component_ref idref="oc-68"/>
      </symbol>
      <symbol id="sm-247">
         <name>_EPwm2Regs</name>
         <value>0x6840</value>
         <object_component_ref idref="oc-8c"/>
      </symbol>
      <symbol id="sm-248">
         <name>_ECanaMboxes</name>
         <value>0x6100</value>
         <object_component_ref idref="oc-9b"/>
      </symbol>
      <symbol id="sm-249">
         <name>_ECap3Regs</name>
         <value>0x6a40</value>
         <object_component_ref idref="oc-84"/>
      </symbol>
      <symbol id="sm-24a">
         <name>_HRCap2Regs</name>
         <value>0x6ae0</value>
         <object_component_ref idref="oc-81"/>
      </symbol>
      <symbol id="sm-24b">
         <name>_NmiIntruptRegs</name>
         <value>0x7060</value>
         <object_component_ref idref="oc-74"/>
      </symbol>
      <symbol id="sm-24c">
         <name>_ECanaMOTORegs</name>
         <value>0x60c0</value>
         <object_component_ref idref="oc-8b"/>
      </symbol>
      <symbol id="sm-24d">
         <name>_Flash_CallbackPtr</name>
         <value>0xd02</value>
         <object_component_ref idref="oc-67"/>
      </symbol>
      <symbol id="sm-24e">
         <name>_EPwm3Regs</name>
         <value>0x6880</value>
         <object_component_ref idref="oc-97"/>
      </symbol>
      <symbol id="sm-24f">
         <name>_I2caRegs</name>
         <value>0x7900</value>
         <object_component_ref idref="oc-86"/>
      </symbol>
      <symbol id="sm-25b">
         <name>_InitPieCtrl</name>
         <value>0x8675</value>
         <object_component_ref idref="oc-ee"/>
      </symbol>
      <symbol id="sm-25c">
         <name>_EnableInterrupts</name>
         <value>0x8694</value>
         <object_component_ref idref="oc-ee"/>
      </symbol>
      <symbol id="sm-26c">
         <name>_PieVectTableInit</name>
         <value>0xa000</value>
         <object_component_ref idref="oc-f2"/>
      </symbol>
      <symbol id="sm-26d">
         <name>_InitPieVectTable</name>
         <value>0x869d</value>
         <object_component_ref idref="oc-ef"/>
      </symbol>
      <symbol id="sm-279">
         <name>_InitScibGpio</name>
         <value>0x8638</value>
         <object_component_ref idref="oc-ed"/>
      </symbol>
      <symbol id="sm-27a">
         <name>_InitSciaGpio</name>
         <value>0x8622</value>
         <object_component_ref idref="oc-ed"/>
      </symbol>
      <symbol id="sm-27b">
         <name>_InitSciGpio</name>
         <value>0x861d</value>
         <object_component_ref idref="oc-ed"/>
      </symbol>
      <symbol id="sm-27c">
         <name>_InitSci</name>
         <value>0x861c</value>
         <object_component_ref idref="oc-ed"/>
      </symbol>
      <symbol id="sm-293">
         <name>_InitPll</name>
         <value>0x83c7</value>
         <object_component_ref idref="oc-ec"/>
      </symbol>
      <symbol id="sm-294">
         <name>_IntOsc1Sel</name>
         <value>0x84d1</value>
         <object_component_ref idref="oc-ec"/>
      </symbol>
      <symbol id="sm-295">
         <name>_ExtOscSel</name>
         <value>0x8511</value>
         <object_component_ref idref="oc-ec"/>
      </symbol>
      <symbol id="sm-296">
         <name>_DisableDog</name>
         <value>0x83bf</value>
         <object_component_ref idref="oc-ec"/>
      </symbol>
      <symbol id="sm-297">
         <name>_InitPeripheralClocks</name>
         <value>0x844a</value>
         <object_component_ref idref="oc-ec"/>
      </symbol>
      <symbol id="sm-298">
         <name>_IntOsc2Sel</name>
         <value>0x84e1</value>
         <object_component_ref idref="oc-ec"/>
      </symbol>
      <symbol id="sm-299">
         <name>_CsmUnlock</name>
         <value>0x84a0</value>
         <object_component_ref idref="oc-ec"/>
      </symbol>
      <symbol id="sm-29a">
         <name>_InitPll2</name>
         <value>0x841c</value>
         <object_component_ref idref="oc-ec"/>
      </symbol>
      <symbol id="sm-29b">
         <name>_ServiceDog</name>
         <value>0x83b5</value>
         <object_component_ref idref="oc-ec"/>
      </symbol>
      <symbol id="sm-29c">
         <name>_XtalOscSel</name>
         <value>0x84f5</value>
         <object_component_ref idref="oc-ec"/>
      </symbol>
      <symbol id="sm-29d">
         <name>_InitSysCtrl</name>
         <value>0x839b</value>
         <object_component_ref idref="oc-ec"/>
      </symbol>
      <symbol id="sm-2a9">
         <name>_DSP28x_usDelay</name>
         <value>0x6a</value>
         <object_component_ref idref="oc-b2"/>
      </symbol>
      <symbol id="sm-2c4">
         <name>_c_int00</name>
         <value>0x857d</value>
         <object_component_ref idref="oc-b7"/>
      </symbol>
      <symbol id="sm-2c5">
         <name>__stack</name>
         <value>0x400</value>
         <object_component_ref idref="oc-b8"/>
      </symbol>
      <symbol id="sm-2d4">
         <name>__args_main</name>
         <value>0x8705</value>
         <object_component_ref idref="oc-e6"/>
      </symbol>
      <symbol id="sm-2e0">
         <name>__system_post_cinit</name>
         <value>0x8731</value>
         <object_component_ref idref="oc-e5"/>
      </symbol>
      <symbol id="sm-2ec">
         <name>__system_pre_init</name>
         <value>0x872f</value>
         <object_component_ref idref="oc-e3"/>
      </symbol>
      <symbol id="sm-2fb">
         <name>_copy_in</name>
         <value>0x86c3</value>
         <object_component_ref idref="oc-e4"/>
      </symbol>
      <symbol id="sm-30f">
         <name>C$$EXIT</name>
         <value>0x864c</value>
         <object_component_ref idref="oc-e7"/>
      </symbol>
      <symbol id="sm-310">
         <name>_exit</name>
         <value>0x864e</value>
         <object_component_ref idref="oc-e7"/>
      </symbol>
      <symbol id="sm-311">
         <name>___TI_cleanup_ptr</name>
         <value>0xa118</value>
         <object_component_ref idref="oc-d4"/>
      </symbol>
      <symbol id="sm-312">
         <name>___TI_enable_exit_profile_output</name>
         <value>0xa116</value>
         <object_component_ref idref="oc-d4"/>
      </symbol>
      <symbol id="sm-313">
         <name>_abort</name>
         <value>0x864c</value>
         <object_component_ref idref="oc-e7"/>
      </symbol>
      <symbol id="sm-314">
         <name>___TI_dtors_ptr</name>
         <value>0xa11a</value>
         <object_component_ref idref="oc-d4"/>
      </symbol>
      <symbol id="sm-328">
         <name>__unlock</name>
         <value>0xa11e</value>
         <object_component_ref idref="oc-f3"/>
      </symbol>
      <symbol id="sm-329">
         <name>__lock</name>
         <value>0xa11c</value>
         <object_component_ref idref="oc-ea"/>
      </symbol>
      <symbol id="sm-32a">
         <name>__register_lock</name>
         <value>0x8722</value>
         <object_component_ref idref="oc-f0"/>
      </symbol>
      <symbol id="sm-32b">
         <name>__nop</name>
         <value>0x8726</value>
         <object_component_ref idref="oc-f0"/>
      </symbol>
      <symbol id="sm-32c">
         <name>__register_unlock</name>
         <value>0x871e</value>
         <object_component_ref idref="oc-f0"/>
      </symbol>
      <symbol id="sm-33d">
         <name>_memcpy</name>
         <value>0x86e7</value>
         <object_component_ref idref="oc-e8"/>
      </symbol>
   </symbol_table>
   <title>Link successful</title>
</link_info>
